This is pdfTeX, Version 3.141592653-2.6-1.40.28 (TeX Live 2025) (preloaded format=pdflatex 2025.7.24)  22 MAR 2026 18:15
entering extended mode
 restricted \write18 enabled.
 %&-line parsing enabled.
**report_new_introduction.tex
(./report_new_introduction.tex
LaTeX2e <2025-06-01> patch level 1
L3 programming layer <2025-07-19>
(/usr/local/texlive/2025/texmf-dist/tex/latex/base/article.cls
Document Class: article 2025/01/22 v1.4n Standard LaTeX document class
(/usr/local/texlive/2025/texmf-dist/tex/latex/base/size12.clo
File: size12.clo 2025/01/22 v1.4n Standard LaTeX file (size option)
)
\c@part=\count275
\c@section=\count276
\c@subsection=\count277
\c@subsubsection=\count278
\c@paragraph=\count279
\c@subparagraph=\count280
\c@figure=\count281
\c@table=\count282
\abovecaptionskip=\skip49
\belowcaptionskip=\skip50
\bibindent=\dimen148
)
(/usr/local/texlive/2025/texmf-dist/tex/latex/base/inputenc.sty
Package: inputenc 2024/02/08 v1.3d Input encoding file
\inpenc@prehook=\toks17
\inpenc@posthook=\toks18
)
(/usr/local/texlive/2025/texmf-dist/tex/latex/base/fontenc.sty
Package: fontenc 2024/12/21 v2.1c Standard LaTeX package
)
(/usr/local/texlive/2025/texmf-dist/tex/generic/babel/babel.sty
Package: babel 2025/07/13 v25.11 The multilingual framework for LuaLaTeX, pdfLa
TeX and XeLaTeX
\babel@savecnt=\count283
LaTeX Encoding Info:    Redeclaring text command \ij (encoding OT1) on input li
ne 2045.
LaTeX Encoding Info:    Redeclaring text command \IJ (encoding OT1) on input li
ne 2047.
LaTeX Encoding Info:    Redeclaring text command \ij (encoding T1) on input lin
e 2049.
LaTeX Encoding Info:    Redeclaring text command \IJ (encoding T1) on input lin
e 2050.
LaTeX Encoding Info:    Ignoring declaration for text command \ij (encoding ?) 
on input line 2051.
LaTeX Encoding Info:    Ignoring declaration for text command \IJ (encoding ?) 
on input line 2053.
LaTeX Encoding Info:    Ignoring declaration for text command \SS (encoding ?) 
on input line 2078.
\U@D=\dimen149
\l@unhyphenated=\language90

(/usr/local/texlive/2025/texmf-dist/tex/generic/babel/txtbabel.def)
\bbl@readstream=\read2
\bbl@dirlevel=\count284

(/usr/local/texlive/2025/texmf-dist/tex/generic/babel-english/english.ldf
Language: english 2017/06/06 v3.3r English support from the babel system

(/usr/local/texlive/2025/texmf-dist/tex/generic/babel/locale/en/babel-english.t
ex
Package babel Info: Importing font and identification data for english
(babel)             from babel-en.ini. Reported on input line 12.
)
Package babel Info: Hyphen rules for 'canadian' set to \l@english
(babel)             (\language0). Reported on input line 102.
Package babel Info: Hyphen rules for 'australian' set to \l@ukenglish
(babel)             (\language22). Reported on input line 105.
Package babel Info: Hyphen rules for 'newzealand' set to \l@ukenglish
(babel)             (\language22). Reported on input line 108.
)) (/usr/local/texlive/2025/texmf-dist/tex/latex/carlito/carlito.sty
Package: carlito 2022/10/05 (Bob Tennent) Supports Carlito fonts for LaTeX, pdf
LaTeX, luaLaTeX and xeLaTeX.

(/usr/local/texlive/2025/texmf-dist/tex/generic/iftex/ifxetex.sty
Package: ifxetex 2019/10/25 v0.7 ifxetex legacy package. Use iftex instead.

(/usr/local/texlive/2025/texmf-dist/tex/generic/iftex/iftex.sty
Package: iftex 2024/12/12 v1.0g TeX engine tests
))
(/usr/local/texlive/2025/texmf-dist/tex/generic/iftex/ifluatex.sty
Package: ifluatex 2019/10/25 v1.5 ifluatex legacy package. Use iftex instead.
)
(/usr/local/texlive/2025/texmf-dist/tex/latex/xkeyval/xkeyval.sty
Package: xkeyval 2022/06/16 v2.9 package option processing (HA)

(/usr/local/texlive/2025/texmf-dist/tex/generic/xkeyval/xkeyval.tex
(/usr/local/texlive/2025/texmf-dist/tex/generic/xkeyval/xkvutils.tex
\XKV@toks=\toks19
\XKV@tempa@toks=\toks20

(/usr/local/texlive/2025/texmf-dist/tex/generic/xkeyval/keyval.tex))
\XKV@depth=\count285
File: xkeyval.tex 2014/12/03 v2.7a key=value parser (HA)
))
(/usr/local/texlive/2025/texmf-dist/tex/latex/base/textcomp.sty
Package: textcomp 2024/04/24 v2.1b Standard LaTeX package
)
(/usr/local/texlive/2025/texmf-dist/tex/latex/base/fontenc.sty
Package: fontenc 2024/12/21 v2.1c Standard LaTeX package
)
(/usr/local/texlive/2025/texmf-dist/tex/latex/fontaxes/fontaxes.sty
Package: fontaxes 2025-05-24 v2.0.1 Font selection axes (deprecated)

(/usr/local/texlive/2025/texmf-dist/tex/latex/figureversions/figureversions.sty
Package: figureversions 2025-04-29 v1.0.1 Figure versions
))) (/usr/local/texlive/2025/texmf-dist/tex/generic/ulem/ulem.sty
\UL@box=\box53
\UL@hyphenbox=\box54
\UL@skip=\skip51
\UL@hook=\toks21
\UL@height=\dimen150
\UL@pe=\count286
\UL@pixel=\dimen151
\ULC@box=\box55
Package: ulem 2019/11/18
\ULdepth=\dimen152
)
(/usr/local/texlive/2025/texmf-dist/tex/latex/geometry/geometry.sty
Package: geometry 2020/01/02 v5.9 Page Geometry

(/usr/local/texlive/2025/texmf-dist/tex/generic/iftex/ifvtex.sty
Package: ifvtex 2019/10/25 v1.7 ifvtex legacy package. Use iftex instead.
)
\Gm@cnth=\count287
\Gm@cntv=\count288
\c@Gm@tempcnt=\count289
\Gm@bindingoffset=\dimen153
\Gm@wd@mp=\dimen154
\Gm@odd@mp=\dimen155
\Gm@even@mp=\dimen156
\Gm@layoutwidth=\dimen157
\Gm@layoutheight=\dimen158
\Gm@layouthoffset=\dimen159
\Gm@layoutvoffset=\dimen160
\Gm@dimlist=\toks22
)
(/usr/local/texlive/2025/texmf-dist/tex/latex/tabto-ltx/tabto.sty
Package: tabto 2018/12/28  v 1.4  Another tabbing mechanism
\CurrentLineWidth=\dimen161
\TabPrevPos=\dimen162
)
(/usr/local/texlive/2025/texmf-dist/tex/latex/setspace/setspace.sty
Package: setspace 2022/12/04 v6.7b set line spacing
)
(/usr/local/texlive/2025/texmf-dist/tex/latex/fancyhdr/fancyhdr.sty
Package: fancyhdr 2025/02/07 v5.2 Extensive control of page headers and footers

\f@nch@headwidth=\skip52
\f@nch@offset@elh=\skip53
\f@nch@offset@erh=\skip54
\f@nch@offset@olh=\skip55
\f@nch@offset@orh=\skip56
\f@nch@offset@elf=\skip57
\f@nch@offset@erf=\skip58
\f@nch@offset@olf=\skip59
\f@nch@offset@orf=\skip60
\f@nch@height=\skip61
\f@nch@footalignment=\skip62
\f@nch@widthL=\skip63
\f@nch@widthC=\skip64
\f@nch@widthR=\skip65
\@temptokenb=\toks23
)
(/usr/local/texlive/2025/texmf-dist/tex/latex/titlesec/titlesec.sty
Package: titlesec 2025/01/04 v2.17 Sectioning titles
\ttl@box=\box56
\beforetitleunit=\skip66
\aftertitleunit=\skip67
\ttl@plus=\dimen163
\ttl@minus=\dimen164
\ttl@toksa=\toks24
\titlewidth=\dimen165
\titlewidthlast=\dimen166
\titlewidthfirst=\dimen167
)
(/usr/local/texlive/2025/texmf-dist/tex/latex/booktabs/booktabs.sty
Package: booktabs 2020/01/12 v1.61803398 Publication quality tables
\heavyrulewidth=\dimen168
\lightrulewidth=\dimen169
\cmidrulewidth=\dimen170
\belowrulesep=\dimen171
\belowbottomsep=\dimen172
\aboverulesep=\dimen173
\abovetopsep=\dimen174
\cmidrulesep=\dimen175
\cmidrulekern=\dimen176
\defaultaddspace=\dimen177
\@cmidla=\count290
\@cmidlb=\count291
\@aboverulesep=\dimen178
\@belowrulesep=\dimen179
\@thisruleclass=\count292
\@lastruleclass=\count293
\@thisrulewidth=\dimen180
)
(/usr/local/texlive/2025/texmf-dist/tex/latex/graphics/graphicx.sty
Package: graphicx 2024/12/31 v1.2e Enhanced LaTeX Graphics (DPC,SPQR)

(/usr/local/texlive/2025/texmf-dist/tex/latex/graphics/graphics.sty
Package: graphics 2024/08/06 v1.4g Standard LaTeX Graphics (DPC,SPQR)

(/usr/local/texlive/2025/texmf-dist/tex/latex/graphics/trig.sty
Package: trig 2023/12/02 v1.11 sin cos tan (DPC)
)
(/usr/local/texlive/2025/texmf-dist/tex/latex/graphics-cfg/graphics.cfg
File: graphics.cfg 2016/06/04 v1.11 sample graphics configuration
)
Package graphics Info: Driver file: pdftex.def on input line 106.

(/usr/local/texlive/2025/texmf-dist/tex/latex/graphics-def/pdftex.def
File: pdftex.def 2024/04/13 v1.2c Graphics/color driver for pdftex
))
\Gin@req@height=\dimen181
\Gin@req@width=\dimen182
)
(/usr/local/texlive/2025/texmf-dist/tex/latex/caption/caption.sty
Package: caption 2023/08/05 v3.6o Customizing captions (AR)

(/usr/local/texlive/2025/texmf-dist/tex/latex/caption/caption3.sty
Package: caption3 2023/07/31 v2.4d caption3 kernel (AR)
\caption@tempdima=\dimen183
\captionmargin=\dimen184
\caption@leftmargin=\dimen185
\caption@rightmargin=\dimen186
\caption@width=\dimen187
\caption@indent=\dimen188
\caption@parindent=\dimen189
\caption@hangindent=\dimen190
Package caption Info: Standard document class detected.
)
\c@caption@flags=\count294
\c@continuedfloat=\count295
)
(/usr/local/texlive/2025/texmf-dist/tex/latex/caption/subcaption.sty
Package: subcaption 2023/07/28 v1.6b Sub-captions (AR)
Package caption Info: New subtype `subfigure' on input line 238.
\c@subfigure=\count296
Package caption Info: New subtype `subtable' on input line 238.
\c@subtable=\count297
)
(/usr/local/texlive/2025/texmf-dist/tex/latex/wrapfig/wrapfig.sty
\wrapoverhang=\dimen191
\WF@size=\dimen192
\c@WF@wrappedlines=\count298
\WF@box=\box57
\WF@everypar=\toks25
Package: wrapfig 2003/01/31  v 3.6
)
(/usr/local/texlive/2025/texmf-dist/tex/latex/pgfplots/pgfplots.sty
(/usr/local/texlive/2025/texmf-dist/tex/generic/pgfplots/pgfplots.revision.tex)
Package: pgfplots 2021/05/15 v1.18.1 Data Visualization (1.18.1)
(/usr/local/texlive/2025/texmf-dist/tex/latex/pgf/frontendlayer/tikz.sty
(/usr/local/texlive/2025/texmf-dist/tex/latex/pgf/basiclayer/pgf.sty
(/usr/local/texlive/2025/texmf-dist/tex/latex/pgf/utilities/pgfrcs.sty
(/usr/local/texlive/2025/texmf-dist/tex/generic/pgf/utilities/pgfutil-common.te
x
\pgfutil@everybye=\toks26
\pgfutil@tempdima=\dimen193
\pgfutil@tempdimb=\dimen194
)
(/usr/local/texlive/2025/texmf-dist/tex/generic/pgf/utilities/pgfutil-latex.def
\pgfutil@abb=\box58
) (/usr/local/texlive/2025/texmf-dist/tex/generic/pgf/utilities/pgfrcs.code.tex
(/usr/local/texlive/2025/texmf-dist/tex/generic/pgf/pgf.revision.tex)
Package: pgfrcs 2023-01-15 v3.1.10 (3.1.10)
))
Package: pgf 2023-01-15 v3.1.10 (3.1.10)

(/usr/local/texlive/2025/texmf-dist/tex/latex/pgf/basiclayer/pgfcore.sty
(/usr/local/texlive/2025/texmf-dist/tex/latex/pgf/systemlayer/pgfsys.sty
(/usr/local/texlive/2025/texmf-dist/tex/generic/pgf/systemlayer/pgfsys.code.tex
Package: pgfsys 2023-01-15 v3.1.10 (3.1.10)
(/usr/local/texlive/2025/texmf-dist/tex/generic/pgf/utilities/pgfkeys.code.tex
\pgfkeys@pathtoks=\toks27
\pgfkeys@temptoks=\toks28

(/usr/local/texlive/2025/texmf-dist/tex/generic/pgf/utilities/pgfkeyslibraryfil
tered.code.tex
\pgfkeys@tmptoks=\toks29
))
\pgf@x=\dimen195
\pgf@y=\dimen196
\pgf@xa=\dimen197
\pgf@ya=\dimen198
\pgf@xb=\dimen199
\pgf@yb=\dimen256
\pgf@xc=\dimen257
\pgf@yc=\dimen258
\pgf@xd=\dimen259
\pgf@yd=\dimen260
\w@pgf@writea=\write3
\r@pgf@reada=\read3
\c@pgf@counta=\count299
\c@pgf@countb=\count300
\c@pgf@countc=\count301
\c@pgf@countd=\count302
\t@pgf@toka=\toks30
\t@pgf@tokb=\toks31
\t@pgf@tokc=\toks32
\pgf@sys@id@count=\count303

(/usr/local/texlive/2025/texmf-dist/tex/generic/pgf/systemlayer/pgf.cfg
File: pgf.cfg 2023-01-15 v3.1.10 (3.1.10)
)
Driver file for pgf: pgfsys-pdftex.def

(/usr/local/texlive/2025/texmf-dist/tex/generic/pgf/systemlayer/pgfsys-pdftex.d
ef
File: pgfsys-pdftex.def 2023-01-15 v3.1.10 (3.1.10)

(/usr/local/texlive/2025/texmf-dist/tex/generic/pgf/systemlayer/pgfsys-common-p
df.def
File: pgfsys-common-pdf.def 2023-01-15 v3.1.10 (3.1.10)
)))
(/usr/local/texlive/2025/texmf-dist/tex/generic/pgf/systemlayer/pgfsyssoftpath.
code.tex
File: pgfsyssoftpath.code.tex 2023-01-15 v3.1.10 (3.1.10)
\pgfsyssoftpath@smallbuffer@items=\count304
\pgfsyssoftpath@bigbuffer@items=\count305
)
(/usr/local/texlive/2025/texmf-dist/tex/generic/pgf/systemlayer/pgfsysprotocol.
code.tex
File: pgfsysprotocol.code.tex 2023-01-15 v3.1.10 (3.1.10)
)) (/usr/local/texlive/2025/texmf-dist/tex/latex/xcolor/xcolor.sty
Package: xcolor 2024/09/29 v3.02 LaTeX color extensions (UK)

(/usr/local/texlive/2025/texmf-dist/tex/latex/graphics-cfg/color.cfg
File: color.cfg 2016/01/02 v1.6 sample color configuration
)
Package xcolor Info: Driver file: pdftex.def on input line 274.

(/usr/local/texlive/2025/texmf-dist/tex/latex/graphics/mathcolor.ltx)
Package xcolor Info: Model `cmy' substituted by `cmy0' on input line 1349.
Package xcolor Info: Model `hsb' substituted by `rgb' on input line 1353.
Package xcolor Info: Model `RGB' extended on input line 1365.
Package xcolor Info: Model `HTML' substituted by `rgb' on input line 1367.
Package xcolor Info: Model `Hsb' substituted by `hsb' on input line 1368.
Package xcolor Info: Model `tHsb' substituted by `hsb' on input line 1369.
Package xcolor Info: Model `HSB' substituted by `hsb' on input line 1370.
Package xcolor Info: Model `Gray' substituted by `gray' on input line 1371.
Package xcolor Info: Model `wave' substituted by `hsb' on input line 1372.
)
(/usr/local/texlive/2025/texmf-dist/tex/generic/pgf/basiclayer/pgfcore.code.tex
Package: pgfcore 2023-01-15 v3.1.10 (3.1.10)
(/usr/local/texlive/2025/texmf-dist/tex/generic/pgf/math/pgfmath.code.tex
(/usr/local/texlive/2025/texmf-dist/tex/generic/pgf/math/pgfmathutil.code.tex)
(/usr/local/texlive/2025/texmf-dist/tex/generic/pgf/math/pgfmathparser.code.tex
\pgfmath@dimen=\dimen261
\pgfmath@count=\count306
\pgfmath@box=\box59
\pgfmath@toks=\toks33
\pgfmath@stack@operand=\toks34
\pgfmath@stack@operation=\toks35
)
(/usr/local/texlive/2025/texmf-dist/tex/generic/pgf/math/pgfmathfunctions.code.
tex)
(/usr/local/texlive/2025/texmf-dist/tex/generic/pgf/math/pgfmathfunctions.basic
.code.tex)
(/usr/local/texlive/2025/texmf-dist/tex/generic/pgf/math/pgfmathfunctions.trigo
nometric.code.tex)
(/usr/local/texlive/2025/texmf-dist/tex/generic/pgf/math/pgfmathfunctions.rando
m.code.tex)
(/usr/local/texlive/2025/texmf-dist/tex/generic/pgf/math/pgfmathfunctions.compa
rison.code.tex)
(/usr/local/texlive/2025/texmf-dist/tex/generic/pgf/math/pgfmathfunctions.base.
code.tex)
(/usr/local/texlive/2025/texmf-dist/tex/generic/pgf/math/pgfmathfunctions.round
.code.tex)
(/usr/local/texlive/2025/texmf-dist/tex/generic/pgf/math/pgfmathfunctions.misc.
code.tex)
(/usr/local/texlive/2025/texmf-dist/tex/generic/pgf/math/pgfmathfunctions.integ
erarithmetics.code.tex)
(/usr/local/texlive/2025/texmf-dist/tex/generic/pgf/math/pgfmathcalc.code.tex)
(/usr/local/texlive/2025/texmf-dist/tex/generic/pgf/math/pgfmathfloat.code.tex
\c@pgfmathroundto@lastzeros=\count307
)) (/usr/local/texlive/2025/texmf-dist/tex/generic/pgf/math/pgfint.code.tex)
(/usr/local/texlive/2025/texmf-dist/tex/generic/pgf/basiclayer/pgfcorepoints.co
de.tex
File: pgfcorepoints.code.tex 2023-01-15 v3.1.10 (3.1.10)
\pgf@picminx=\dimen262
\pgf@picmaxx=\dimen263
\pgf@picminy=\dimen264
\pgf@picmaxy=\dimen265
\pgf@pathminx=\dimen266
\pgf@pathmaxx=\dimen267
\pgf@pathminy=\dimen268
\pgf@pathmaxy=\dimen269
\pgf@xx=\dimen270
\pgf@xy=\dimen271
\pgf@yx=\dimen272
\pgf@yy=\dimen273
\pgf@zx=\dimen274
\pgf@zy=\dimen275
)
(/usr/local/texlive/2025/texmf-dist/tex/generic/pgf/basiclayer/pgfcorepathconst
ruct.code.tex
File: pgfcorepathconstruct.code.tex 2023-01-15 v3.1.10 (3.1.10)
\pgf@path@lastx=\dimen276
\pgf@path@lasty=\dimen277
)
(/usr/local/texlive/2025/texmf-dist/tex/generic/pgf/basiclayer/pgfcorepathusage
.code.tex
File: pgfcorepathusage.code.tex 2023-01-15 v3.1.10 (3.1.10)
\pgf@shorten@end@additional=\dimen278
\pgf@shorten@start@additional=\dimen279
)
(/usr/local/texlive/2025/texmf-dist/tex/generic/pgf/basiclayer/pgfcorescopes.co
de.tex
File: pgfcorescopes.code.tex 2023-01-15 v3.1.10 (3.1.10)
\pgfpic=\box60
\pgf@hbox=\box61
\pgf@layerbox@main=\box62
\pgf@picture@serial@count=\count308
)
(/usr/local/texlive/2025/texmf-dist/tex/generic/pgf/basiclayer/pgfcoregraphicst
ate.code.tex
File: pgfcoregraphicstate.code.tex 2023-01-15 v3.1.10 (3.1.10)
\pgflinewidth=\dimen280
)
(/usr/local/texlive/2025/texmf-dist/tex/generic/pgf/basiclayer/pgfcoretransform
ations.code.tex
File: pgfcoretransformations.code.tex 2023-01-15 v3.1.10 (3.1.10)
\pgf@pt@x=\dimen281
\pgf@pt@y=\dimen282
\pgf@pt@temp=\dimen283
)
(/usr/local/texlive/2025/texmf-dist/tex/generic/pgf/basiclayer/pgfcorequick.cod
e.tex
File: pgfcorequick.code.tex 2023-01-15 v3.1.10 (3.1.10)
)
(/usr/local/texlive/2025/texmf-dist/tex/generic/pgf/basiclayer/pgfcoreobjects.c
ode.tex
File: pgfcoreobjects.code.tex 2023-01-15 v3.1.10 (3.1.10)
)
(/usr/local/texlive/2025/texmf-dist/tex/generic/pgf/basiclayer/pgfcorepathproce
ssing.code.tex
File: pgfcorepathprocessing.code.tex 2023-01-15 v3.1.10 (3.1.10)
)
(/usr/local/texlive/2025/texmf-dist/tex/generic/pgf/basiclayer/pgfcorearrows.co
de.tex
File: pgfcorearrows.code.tex 2023-01-15 v3.1.10 (3.1.10)
\pgfarrowsep=\dimen284
)
(/usr/local/texlive/2025/texmf-dist/tex/generic/pgf/basiclayer/pgfcoreshade.cod
e.tex
File: pgfcoreshade.code.tex 2023-01-15 v3.1.10 (3.1.10)
\pgf@max=\dimen285
\pgf@sys@shading@range@num=\count309
\pgf@shadingcount=\count310
)
(/usr/local/texlive/2025/texmf-dist/tex/generic/pgf/basiclayer/pgfcoreimage.cod
e.tex
File: pgfcoreimage.code.tex 2023-01-15 v3.1.10 (3.1.10)
)
(/usr/local/texlive/2025/texmf-dist/tex/generic/pgf/basiclayer/pgfcoreexternal.
code.tex
File: pgfcoreexternal.code.tex 2023-01-15 v3.1.10 (3.1.10)
\pgfexternal@startupbox=\box63
)
(/usr/local/texlive/2025/texmf-dist/tex/generic/pgf/basiclayer/pgfcorelayers.co
de.tex
File: pgfcorelayers.code.tex 2023-01-15 v3.1.10 (3.1.10)
)
(/usr/local/texlive/2025/texmf-dist/tex/generic/pgf/basiclayer/pgfcoretranspare
ncy.code.tex
File: pgfcoretransparency.code.tex 2023-01-15 v3.1.10 (3.1.10)
)
(/usr/local/texlive/2025/texmf-dist/tex/generic/pgf/basiclayer/pgfcorepatterns.
code.tex
File: pgfcorepatterns.code.tex 2023-01-15 v3.1.10 (3.1.10)
)
(/usr/local/texlive/2025/texmf-dist/tex/generic/pgf/basiclayer/pgfcorerdf.code.
tex
File: pgfcorerdf.code.tex 2023-01-15 v3.1.10 (3.1.10)
)))
(/usr/local/texlive/2025/texmf-dist/tex/generic/pgf/modules/pgfmoduleshapes.cod
e.tex
File: pgfmoduleshapes.code.tex 2023-01-15 v3.1.10 (3.1.10)
\pgfnodeparttextbox=\box64
)
(/usr/local/texlive/2025/texmf-dist/tex/generic/pgf/modules/pgfmoduleplot.code.
tex
File: pgfmoduleplot.code.tex 2023-01-15 v3.1.10 (3.1.10)
)
(/usr/local/texlive/2025/texmf-dist/tex/latex/pgf/compatibility/pgfcomp-version
-0-65.sty
Package: pgfcomp-version-0-65 2023-01-15 v3.1.10 (3.1.10)
\pgf@nodesepstart=\dimen286
\pgf@nodesepend=\dimen287
)
(/usr/local/texlive/2025/texmf-dist/tex/latex/pgf/compatibility/pgfcomp-version
-1-18.sty
Package: pgfcomp-version-1-18 2023-01-15 v3.1.10 (3.1.10)
))
(/usr/local/texlive/2025/texmf-dist/tex/latex/pgf/utilities/pgffor.sty
(/usr/local/texlive/2025/texmf-dist/tex/latex/pgf/utilities/pgfkeys.sty
(/usr/local/texlive/2025/texmf-dist/tex/generic/pgf/utilities/pgfkeys.code.tex)
) (/usr/local/texlive/2025/texmf-dist/tex/latex/pgf/math/pgfmath.sty
(/usr/local/texlive/2025/texmf-dist/tex/generic/pgf/math/pgfmath.code.tex))
(/usr/local/texlive/2025/texmf-dist/tex/generic/pgf/utilities/pgffor.code.tex
Package: pgffor 2023-01-15 v3.1.10 (3.1.10)
\pgffor@iter=\dimen288
\pgffor@skip=\dimen289
\pgffor@stack=\toks36
\pgffor@toks=\toks37
))
(/usr/local/texlive/2025/texmf-dist/tex/generic/pgf/frontendlayer/tikz/tikz.cod
e.tex
Package: tikz 2023-01-15 v3.1.10 (3.1.10)

(/usr/local/texlive/2025/texmf-dist/tex/generic/pgf/libraries/pgflibraryplothan
dlers.code.tex
File: pgflibraryplothandlers.code.tex 2023-01-15 v3.1.10 (3.1.10)
\pgf@plot@mark@count=\count311
\pgfplotmarksize=\dimen290
)
\tikz@lastx=\dimen291
\tikz@lasty=\dimen292
\tikz@lastxsaved=\dimen293
\tikz@lastysaved=\dimen294
\tikz@lastmovetox=\dimen295
\tikz@lastmovetoy=\dimen296
\tikzleveldistance=\dimen297
\tikzsiblingdistance=\dimen298
\tikz@figbox=\box65
\tikz@figbox@bg=\box66
\tikz@tempbox=\box67
\tikz@tempbox@bg=\box68
\tikztreelevel=\count312
\tikznumberofchildren=\count313
\tikznumberofcurrentchild=\count314
\tikz@fig@count=\count315

(/usr/local/texlive/2025/texmf-dist/tex/generic/pgf/modules/pgfmodulematrix.cod
e.tex
File: pgfmodulematrix.code.tex 2023-01-15 v3.1.10 (3.1.10)
\pgfmatrixcurrentrow=\count316
\pgfmatrixcurrentcolumn=\count317
\pgf@matrix@numberofcolumns=\count318
)
\tikz@expandcount=\count319

(/usr/local/texlive/2025/texmf-dist/tex/generic/pgf/frontendlayer/tikz/librarie
s/tikzlibrarytopaths.code.tex
File: tikzlibrarytopaths.code.tex 2023-01-15 v3.1.10 (3.1.10)
)))
(/usr/local/texlive/2025/texmf-dist/tex/generic/pgfplots/pgfplots.code.tex
(/usr/local/texlive/2025/texmf-dist/tex/generic/pgfplots/pgfplotscore.code.tex
\t@pgfplots@toka=\toks38
\t@pgfplots@tokb=\toks39
\t@pgfplots@tokc=\toks40
\pgfplots@tmpa=\dimen299
\c@pgfplots@coordindex=\count320
\c@pgfplots@scanlineindex=\count321

(/usr/local/texlive/2025/texmf-dist/tex/generic/pgfplots/sys/pgfplotssysgeneric
.code.tex))
(/usr/local/texlive/2025/texmf-dist/tex/generic/pgfplots/libs/pgfplotslibrary.c
ode.tex)
(/usr/local/texlive/2025/texmf-dist/tex/generic/pgfplots/oldpgfcompatib/pgfplot
soldpgfsupp_loader.code.tex
(/usr/local/texlive/2025/texmf-dist/tex/generic/pgf/libraries/pgflibraryfpu.cod
e.tex)
Package pgfplots: loading complementary utilities for your pgf version...
\t@pgf@toka=\toks41
\t@pgf@tokb=\toks42
\t@pgf@tokc=\toks43

(/usr/local/texlive/2025/texmf-dist/tex/generic/pgfplots/oldpgfcompatib/pgfplot
soldpgfsupp_pgfutil-common-lists.tex))
(/usr/local/texlive/2025/texmf-dist/tex/generic/pgfplots/util/pgfplotsutil.code
.tex
(/usr/local/texlive/2025/texmf-dist/tex/generic/pgfplots/liststructure/pgfplots
liststructure.code.tex)
(/usr/local/texlive/2025/texmf-dist/tex/generic/pgfplots/liststructure/pgfplots
liststructureext.code.tex)
(/usr/local/texlive/2025/texmf-dist/tex/generic/pgfplots/liststructure/pgfplots
array.code.tex
\c@pgfplotsarray@tmp=\count322
)
(/usr/local/texlive/2025/texmf-dist/tex/generic/pgfplots/liststructure/pgfplots
matrix.code.tex)
(/usr/local/texlive/2025/texmf-dist/tex/generic/pgfplots/numtable/pgfplotstable
shared.code.tex
\c@pgfplotstable@counta=\count323
\t@pgfplotstable@a=\toks44
)
(/usr/local/texlive/2025/texmf-dist/tex/generic/pgfplots/liststructure/pgfplots
deque.code.tex)
(/usr/local/texlive/2025/texmf-dist/tex/generic/pgfplots/util/pgfplotsbinary.co
de.tex
(/usr/local/texlive/2025/texmf-dist/tex/generic/pgfplots/util/pgfplotsbinary.da
ta.code.tex))
(/usr/local/texlive/2025/texmf-dist/tex/generic/pgfplots/util/pgfplotsutil.verb
.code.tex)
(/usr/local/texlive/2025/texmf-dist/tex/generic/pgfplots/libs/pgflibrarypgfplot
s.surfshading.code.tex
\c@pgfplotslibrarysurf@no=\count324

(/usr/local/texlive/2025/texmf-dist/tex/generic/pgfplots/sys/pgflibrarypgfplots
.surfshading.pgfsys-pdftex.def)))
(/usr/local/texlive/2025/texmf-dist/tex/generic/pgfplots/util/pgfplotscolormap.
code.tex
(/usr/local/texlive/2025/texmf-dist/tex/generic/pgfplots/util/pgfplotscolor.cod
e.tex))
(/usr/local/texlive/2025/texmf-dist/tex/generic/pgfplots/pgfplotsstackedplots.c
ode.tex)
(/usr/local/texlive/2025/texmf-dist/tex/generic/pgfplots/pgfplotsplothandlers.c
ode.tex
(/usr/local/texlive/2025/texmf-dist/tex/generic/pgfplots/pgfplotsmeshplothandle
r.code.tex
(/usr/local/texlive/2025/texmf-dist/tex/generic/pgfplots/pgfplotsmeshplotimage.
code.tex)))
(/usr/local/texlive/2025/texmf-dist/tex/generic/pgfplots/pgfplots.scaling.code.
tex)
(/usr/local/texlive/2025/texmf-dist/tex/generic/pgfplots/pgfplotscoordprocessin
g.code.tex)
(/usr/local/texlive/2025/texmf-dist/tex/generic/pgfplots/pgfplots.errorbars.cod
e.tex)
(/usr/local/texlive/2025/texmf-dist/tex/generic/pgfplots/pgfplots.markers.code.
tex)
(/usr/local/texlive/2025/texmf-dist/tex/generic/pgfplots/pgfplotsticks.code.tex
)
(/usr/local/texlive/2025/texmf-dist/tex/generic/pgfplots/pgfplots.paths.code.te
x)
(/usr/local/texlive/2025/texmf-dist/tex/generic/pgf/frontendlayer/tikz/librarie
s/tikzlibrarydecorations.code.tex
(/usr/local/texlive/2025/texmf-dist/tex/generic/pgf/modules/pgfmoduledecoration
s.code.tex
\pgfdecoratedcompleteddistance=\dimen300
\pgfdecoratedremainingdistance=\dimen301
\pgfdecoratedinputsegmentcompleteddistance=\dimen302
\pgfdecoratedinputsegmentremainingdistance=\dimen303
\pgf@decorate@distancetomove=\dimen304
\pgf@decorate@repeatstate=\count325
\pgfdecorationsegmentamplitude=\dimen305
\pgfdecorationsegmentlength=\dimen306
)
\tikz@lib@dec@box=\box69
)
(/usr/local/texlive/2025/texmf-dist/tex/generic/pgf/frontendlayer/tikz/librarie
s/tikzlibrarydecorations.pathmorphing.code.tex
(/usr/local/texlive/2025/texmf-dist/tex/generic/pgf/libraries/decorations/pgfli
brarydecorations.pathmorphing.code.tex))
(/usr/local/texlive/2025/texmf-dist/tex/generic/pgf/frontendlayer/tikz/librarie
s/tikzlibrarydecorations.pathreplacing.code.tex
(/usr/local/texlive/2025/texmf-dist/tex/generic/pgf/libraries/decorations/pgfli
brarydecorations.pathreplacing.code.tex))
(/usr/local/texlive/2025/texmf-dist/tex/generic/pgfplots/libs/tikzlibrarypgfplo
ts.contourlua.code.tex)
\pgfplots@numplots=\count326
\pgfplots@xmin@reg=\dimen307
\pgfplots@xmax@reg=\dimen308
\pgfplots@ymin@reg=\dimen309
\pgfplots@ymax@reg=\dimen310
\pgfplots@zmin@reg=\dimen311
\pgfplots@zmax@reg=\dimen312
)
(/usr/local/texlive/2025/texmf-dist/tex/generic/pgf/frontendlayer/tikz/librarie
s/tikzlibraryplotmarks.code.tex
File: tikzlibraryplotmarks.code.tex 2023-01-15 v3.1.10 (3.1.10)

(/usr/local/texlive/2025/texmf-dist/tex/generic/pgf/libraries/pgflibraryplotmar
ks.code.tex
File: pgflibraryplotmarks.code.tex 2023-01-15 v3.1.10 (3.1.10)
)))
(/usr/local/texlive/2025/texmf-dist/tex/latex/layouts/layouts.sty
Package: layouts 2009/09/02 v2.6d graphical depiction of document elements
\l@ylen=\skip68
\layoutsbox=\box70
\l@youtunitlength=\skip69
\l@youtlinethick=\skip70
\l@youtlinethickii=\skip71
\l@ysetupparskip=\skip72
\l@ysetupbaselineskip=\skip73
\l@yonem=\skip74
\l@yonex=\skip75
\l@ylmarg=\skip76
\l@yrmarg=\skip77
\l@yitmindent=\skip78
\l@ylblwidth=\skip79
\l@ylblsep=\skip80
\l@ylparindent=\skip81
\l@ytsep=\skip82
\l@ypskip=\skip83
\l@yptsep=\skip84
\l@ypsep=\skip85
\l@yitmsep=\skip86
\l@ytok=\toks45
\l@youtpw=\count327
\l@youtph=\count328
\l@youthpi=\count329
\l@youthpii=\count330
\l@youthpiii=\count331
\l@youthpiv=\count332
\l@youthpv=\count333
\l@youthpvi=\count334
\l@youthpvii=\count335
\l@youtparskip=\count336
\l@youtvpi=\count337
\l@youtvpii=\count338
\l@youtvpiii=\count339
\l@youtvpiv=\count340
\l@youtvpv=\count341
\l@youtvpvi=\count342
\l@youtvpvii=\count343
\l@youthdo=\count344
\l@youthdi=\count345
\l@youthdii=\count346
\l@youthdiii=\count347
\l@youthdiv=\count348
\l@youthdv=\count349
\l@youthdvi=\count350
\l@youthdvii=\count351
\l@youtvdo=\count352
\l@youtvdi=\count353
\l@youtvdii=\count354
\l@youtvdiii=\count355
\l@youtvdiv=\count356
\l@youtvdv=\count357
\l@youtvdvi=\count358
\l@youtvdvii=\count359
\l@youtvdviii=\count360
\l@youtxci=\count361
\l@youtxcii=\count362
\l@youtxciii=\count363
\l@youtxciv=\count364
\l@youtxcv=\count365
\l@youtxcvi=\count366
\l@youtyci=\count367
\l@youtycii=\count368
\l@youtyciii=\count369
\l@youtyciv=\count370
\l@youtycv=\count371
\l@youtycvi=\count372
\l@youtycvii=\count373
\l@youtycviii=\count374
\l@youtxco=\count375
\l@youtyco=\count376
\l@ytempdima=\skip87
\trimedge=\skip88
\trimtop=\skip89
\uppermargin=\skip90
\spinemargin=\skip91
)
(/usr/local/texlive/2025/texmf-dist/tex/latex/amsmath/amsmath.sty
Package: amsmath 2025/06/16 v2.17y AMS math features
\@mathmargin=\skip92

For additional information on amsmath, use the `?' option.
(/usr/local/texlive/2025/texmf-dist/tex/latex/amsmath/amstext.sty
Package: amstext 2024/11/17 v2.01 AMS text

(/usr/local/texlive/2025/texmf-dist/tex/latex/amsmath/amsgen.sty
File: amsgen.sty 1999/11/30 v2.0 generic functions
\@emptytoks=\toks46
\ex@=\dimen313
))
(/usr/local/texlive/2025/texmf-dist/tex/latex/amsmath/amsbsy.sty
Package: amsbsy 1999/11/29 v1.2d Bold Symbols
\pmbraise@=\dimen314
)
(/usr/local/texlive/2025/texmf-dist/tex/latex/amsmath/amsopn.sty
Package: amsopn 2022/04/08 v2.04 operator names
)
\inf@bad=\count377
LaTeX Info: Redefining \frac on input line 233.
\uproot@=\count378
\leftroot@=\count379
LaTeX Info: Redefining \overline on input line 398.
LaTeX Info: Redefining \colon on input line 409.
\classnum@=\count380
\DOTSCASE@=\count381
LaTeX Info: Redefining \ldots on input line 495.
LaTeX Info: Redefining \dots on input line 498.
LaTeX Info: Redefining \cdots on input line 619.
\Mathstrutbox@=\box71
\strutbox@=\box72
LaTeX Info: Redefining \big on input line 721.
LaTeX Info: Redefining \Big on input line 722.
LaTeX Info: Redefining \bigg on input line 723.
LaTeX Info: Redefining \Bigg on input line 724.
\big@size=\dimen315
LaTeX Font Info:    Redeclaring font encoding OML on input line 742.
LaTeX Font Info:    Redeclaring font encoding OMS on input line 743.
\macc@depth=\count382
LaTeX Info: Redefining \bmod on input line 904.
LaTeX Info: Redefining \pmod on input line 909.
LaTeX Info: Redefining \smash on input line 939.
LaTeX Info: Redefining \relbar on input line 969.
LaTeX Info: Redefining \Relbar on input line 970.
\c@MaxMatrixCols=\count383
\dotsspace@=\muskip17
\c@parentequation=\count384
\dspbrk@lvl=\count385
\tag@help=\toks47
\row@=\count386
\column@=\count387
\maxfields@=\count388
\andhelp@=\toks48
\eqnshift@=\dimen316
\alignsep@=\dimen317
\tagshift@=\dimen318
\tagwidth@=\dimen319
\totwidth@=\dimen320
\lineht@=\dimen321
\@envbody=\toks49
\multlinegap=\skip93
\multlinetaggap=\skip94
\mathdisplay@stack=\toks50
LaTeX Info: Redefining \[ on input line 2949.
LaTeX Info: Redefining \] on input line 2950.
)
(/usr/local/texlive/2025/texmf-dist/tex/latex/mathtools/mathtools.sty
Package: mathtools 2024/10/04 v1.31 mathematical typesetting tools

(/usr/local/texlive/2025/texmf-dist/tex/latex/tools/calc.sty
Package: calc 2025/03/01 v4.3b Infix arithmetic (KKT,FJ)
\calc@Acount=\count389
\calc@Bcount=\count390
\calc@Adimen=\dimen322
\calc@Bdimen=\dimen323
\calc@Askip=\skip95
\calc@Bskip=\skip96
LaTeX Info: Redefining \setlength on input line 86.
LaTeX Info: Redefining \addtolength on input line 87.
\calc@Ccount=\count391
\calc@Cskip=\skip97
)
(/usr/local/texlive/2025/texmf-dist/tex/latex/mathtools/mhsetup.sty
Package: mhsetup 2021/03/18 v1.4 programming setup (MH)
)
\g_MT_multlinerow_int=\count392
\l_MT_multwidth_dim=\dimen324
\origjot=\skip98
\l_MT_shortvdotswithinadjustabove_dim=\dimen325
\l_MT_shortvdotswithinadjustbelow_dim=\dimen326
\l_MT_above_intertext_sep=\dimen327
\l_MT_below_intertext_sep=\dimen328
\l_MT_above_shortintertext_sep=\dimen329
\l_MT_below_shortintertext_sep=\dimen330
\xmathstrut@box=\box73
\xmathstrut@dim=\dimen331
)
(/usr/local/texlive/2025/texmf-dist/tex/latex/amsfonts/amssymb.sty
Package: amssymb 2013/01/14 v3.01 AMS font symbols

(/usr/local/texlive/2025/texmf-dist/tex/latex/amsfonts/amsfonts.sty
Package: amsfonts 2013/01/14 v3.01 Basic AMSFonts support
\symAMSa=\mathgroup4
\symAMSb=\mathgroup5
LaTeX Font Info:    Redeclaring math symbol \hbar on input line 98.
LaTeX Font Info:    Overwriting math alphabet `\mathfrak' in version `bold'
(Font)                  U/euf/m/n --> U/euf/b/n on input line 106.
))
(/usr/local/texlive/2025/texmf-dist/tex/latex/biblatex/biblatex.sty
Package: biblatex 2025/07/10 v3.21 programmable bibliographies (PK/MW)

(/usr/local/texlive/2025/texmf-dist/tex/generic/pdftexcmds/pdftexcmds.sty
Package: pdftexcmds 2020-06-27 v0.33 Utility functions of pdfTeX for LuaTeX (HO
)

(/usr/local/texlive/2025/texmf-dist/tex/generic/infwarerr/infwarerr.sty
Package: infwarerr 2019/12/03 v1.5 Providing info/warning/error messages (HO)
)
(/usr/local/texlive/2025/texmf-dist/tex/generic/ltxcmds/ltxcmds.sty
Package: ltxcmds 2023-12-04 v1.26 LaTeX kernel commands for general use (HO)
)
Package pdftexcmds Info: \pdf@primitive is available.
Package pdftexcmds Info: \pdf@ifprimitive is available.
Package pdftexcmds Info: \pdfdraftmode found.
)
(/usr/local/texlive/2025/texmf-dist/tex/latex/etoolbox/etoolbox.sty
Package: etoolbox 2025/02/11 v2.5l e-TeX tools for LaTeX (JAW)
\etb@tempcnta=\count393
)
(/usr/local/texlive/2025/texmf-dist/tex/latex/kvoptions/kvoptions.sty
Package: kvoptions 2022-06-15 v3.15 Key value format for package options (HO)

(/usr/local/texlive/2025/texmf-dist/tex/latex/kvsetkeys/kvsetkeys.sty
Package: kvsetkeys 2022-10-05 v1.19 Key value parser (HO)
))
(/usr/local/texlive/2025/texmf-dist/tex/latex/logreq/logreq.sty
Package: logreq 2010/08/04 v1.0 xml request logger
\lrq@indent=\count394

(/usr/local/texlive/2025/texmf-dist/tex/latex/logreq/logreq.def
File: logreq.def 2010/08/04 v1.0 logreq spec v1.0
))
(/usr/local/texlive/2025/texmf-dist/tex/latex/base/ifthen.sty
Package: ifthen 2024/03/16 v1.1e Standard LaTeX ifthen package (DPC)
)
(/usr/local/texlive/2025/texmf-dist/tex/latex/url/url.sty
\Urlmuskip=\muskip18
Package: url 2013/09/16  ver 3.4  Verb mode for urls, etc.
)
\c@tabx@nest=\count395
\c@listtotal=\count396
\c@listcount=\count397
\c@liststart=\count398
\c@liststop=\count399
\c@citecount=\count400
\c@citetotal=\count401
\c@multicitecount=\count402
\c@multicitetotal=\count403
\c@instcount=\count404
\c@maxnames=\count405
\c@minnames=\count406
\c@maxitems=\count407
\c@minitems=\count408
\c@citecounter=\count409
\c@maxcitecounter=\count410
\c@savedcitecounter=\count411
\c@uniquelist=\count412
\c@uniquename=\count413
\c@refsection=\count414
\c@refsegment=\count415
\c@maxextratitle=\count416
\c@maxextratitleyear=\count417
\c@maxextraname=\count418
\c@maxextradate=\count419
\c@maxextraalpha=\count420
\c@abbrvpenalty=\count421
\c@highnamepenalty=\count422
\c@lownamepenalty=\count423
\c@maxparens=\count424
\c@parenlevel=\count425
\blx@tempcnta=\count426
\blx@tempcntb=\count427
\blx@tempcntc=\count428
\c@blx@maxsection=\count429
\blx@maxsegment@0=\count430
\blx@notetype=\count431
\blx@parenlevel@text=\count432
\blx@parenlevel@foot=\count433
\blx@sectionciteorder@0=\count434
\blx@sectionciteorderinternal@0=\count435
\blx@entrysetcounter=\count436
\blx@biblioinstance=\count437
\labelnumberwidth=\skip99
\labelalphawidth=\skip100
\biblabelsep=\skip101
\bibitemsep=\skip102
\bibnamesep=\skip103
\bibinitsep=\skip104
\bibparsep=\skip105
\bibhang=\skip106
\blx@bcfin=\read4
\blx@bcfout=\write4
\blx@langwohyphens=\language91
\c@mincomprange=\count438
\c@maxcomprange=\count439
\c@mincompwidth=\count440
Package biblatex Info: Trying to load biblatex default data model...
Package biblatex Info: ... file 'blx-dm.def' found.

(/usr/local/texlive/2025/texmf-dist/tex/latex/biblatex/blx-dm.def
File: blx-dm.def 2025/07/10 v3.21 biblatex datamodel (PK/MW)
)
Package biblatex Info: Trying to load biblatex style data model...
Package biblatex Info: ... file 'authoryear.dbx' not found.
Package biblatex Info: Trying to load biblatex custom data model...
Package biblatex Info: ... file 'biblatex-dm.cfg' not found.
\c@afterword=\count441
\c@savedafterword=\count442
\c@annotator=\count443
\c@savedannotator=\count444
\c@author=\count445
\c@savedauthor=\count446
\c@bookauthor=\count447
\c@savedbookauthor=\count448
\c@commentator=\count449
\c@savedcommentator=\count450
\c@editor=\count451
\c@savededitor=\count452
\c@editora=\count453
\c@savededitora=\count454
\c@editorb=\count455
\c@savededitorb=\count456
\c@editorc=\count457
\c@savededitorc=\count458
\c@foreword=\count459
\c@savedforeword=\count460
\c@holder=\count461
\c@savedholder=\count462
\c@introduction=\count463
\c@savedintroduction=\count464
\c@namea=\count465
\c@savednamea=\count466
\c@nameb=\count467
\c@savednameb=\count468
\c@namec=\count469
\c@savednamec=\count470
\c@translator=\count471
\c@savedtranslator=\count472
\c@shortauthor=\count473
\c@savedshortauthor=\count474
\c@shorteditor=\count475
\c@savedshorteditor=\count476
\c@labelname=\count477
\c@savedlabelname=\count478
\c@institution=\count479
\c@savedinstitution=\count480
\c@lista=\count481
\c@savedlista=\count482
\c@listb=\count483
\c@savedlistb=\count484
\c@listc=\count485
\c@savedlistc=\count486
\c@listd=\count487
\c@savedlistd=\count488
\c@liste=\count489
\c@savedliste=\count490
\c@listf=\count491
\c@savedlistf=\count492
\c@location=\count493
\c@savedlocation=\count494
\c@organization=\count495
\c@savedorganization=\count496
\c@origlocation=\count497
\c@savedoriglocation=\count498
\c@origpublisher=\count499
\c@savedorigpublisher=\count500
\c@publisher=\count501
\c@savedpublisher=\count502
\c@language=\count503
\c@savedlanguage=\count504
\c@origlanguage=\count505
\c@savedoriglanguage=\count506
\c@pageref=\count507
\c@savedpageref=\count508
\shorthandwidth=\skip107
\shortjournalwidth=\skip108
\shortserieswidth=\skip109
\shorttitlewidth=\skip110
\shortauthorwidth=\skip111
\shorteditorwidth=\skip112
\locallabelnumberwidth=\skip113
\locallabelalphawidth=\skip114
\localshorthandwidth=\skip115
\localshortjournalwidth=\skip116
\localshortserieswidth=\skip117
\localshorttitlewidth=\skip118
\localshortauthorwidth=\skip119
\localshorteditorwidth=\skip120
Package biblatex Info: Trying to load compatibility code...
Package biblatex Info: ... file 'blx-compat.def' found.

(/usr/local/texlive/2025/texmf-dist/tex/latex/biblatex/blx-compat.def
File: blx-compat.def 2025/07/10 v3.21 biblatex compatibility (PK/MW)
)
Package biblatex Info: Trying to load generic definitions...
Package biblatex Info: ... file 'biblatex.def' found.

(/usr/local/texlive/2025/texmf-dist/tex/latex/biblatex/biblatex.def
File: biblatex.def 2025/07/10 v3.21 biblatex compatibility (PK/MW)
\c@textcitecount=\count509
\c@textcitetotal=\count510
\c@textcitemaxnames=\count511
\c@biburlbigbreakpenalty=\count512
\c@biburlbreakpenalty=\count513
\c@biburlnumpenalty=\count514
\c@biburlucpenalty=\count515
\c@biburllcpenalty=\count516
\biburlbigskip=\muskip19
\biburlnumskip=\muskip20
\biburlucskip=\muskip21
\biburllcskip=\muskip22
\c@smartand=\count517
)
Package biblatex Info: Trying to load bibliography style 'authoryear'...
Package biblatex Info: ... file 'authoryear.bbx' found.

(/usr/local/texlive/2025/texmf-dist/tex/latex/biblatex/bbx/authoryear.bbx
File: authoryear.bbx 2025/07/10 v3.21 biblatex bibliography style (PK/MW)
Package biblatex Info: Trying to load bibliography style 'standard'...
Package biblatex Info: ... file 'standard.bbx' found.

(/usr/local/texlive/2025/texmf-dist/tex/latex/biblatex/bbx/standard.bbx
File: standard.bbx 2025/07/10 v3.21 biblatex bibliography style (PK/MW)
\c@bbx:relatedcount=\count518
\c@bbx:relatedtotal=\count519
))
Package biblatex Info: Trying to load citation style 'authoryear'...
Package biblatex Info: ... file 'authoryear.cbx' found.

(/usr/local/texlive/2025/texmf-dist/tex/latex/biblatex/cbx/authoryear.cbx
File: authoryear.cbx 2025/07/10 v3.21 biblatex citation style (PK/MW)
Package biblatex Info: Redefining '\cite'.
Package biblatex Info: Redefining '\parencite'.
Package biblatex Info: Redefining '\footcite'.
Package biblatex Info: Redefining '\footcitetext'.
Package biblatex Info: Redefining '\smartcite'.
Package biblatex Info: Redefining '\textcite'.
Package biblatex Info: Redefining '\textcites'.
)
Package biblatex Info: Trying to load configuration file...
Package biblatex Info: ... file 'biblatex.cfg' found.

(/usr/local/texlive/2025/texmf-dist/tex/latex/biblatex/biblatex.cfg
File: biblatex.cfg 
)
Package biblatex Info: Input encoding 'utf8' detected.
Package biblatex Info: Document encoding is UTF8 ....

(/usr/local/texlive/2025/texmf-dist/tex/latex/l3kernel/expl3.sty
Package: expl3 2025-07-19 L3 programming layer (loader) 

(/usr/local/texlive/2025/texmf-dist/tex/latex/l3backend/l3backend-pdftex.def
File: l3backend-pdftex.def 2025-06-09 L3 backend support: PDF output (pdfTeX)
\l__color_backend_stack_int=\count520
))
Package biblatex Info: ... and expl3
(biblatex)             2025-07-19 L3 programming layer (loader) 
(biblatex)             is new enough (at least 2020/04/06),
(biblatex)             setting 'casechanger=expl3'.

(/usr/local/texlive/2025/texmf-dist/tex/latex/biblatex/blx-case-expl3.sty
(/usr/local/texlive/2025/texmf-dist/tex/latex/l3packages/xparse/xparse.sty
Package: xparse 2024-08-16 L3 Experimental document command parser
)
Package: blx-case-expl3 2025/07/10 v3.21 expl3 case changing code for biblatex
))

Package biblatex Warning: 'babel/polyglossia' detected but 'csquotes' missing.
(biblatex)                Loading 'csquotes' recommended.

\@quotelevel=\count521
\@quotereset=\count522
LaTeX Font Info:    Trying to load font information for T1+Crlt-OsF on input li
ne 77.
(/usr/local/texlive/2025/texmf-dist/tex/latex/carlito/T1Crlt-OsF.fd
File: T1Crlt-OsF.fd 2022/10/05 (autoinst) Font definitions for T1/Crlt-OsF.
)
(./report_new_introduction.aux

LaTeX Warning: Label `fig:a' multiply defined.


LaTeX Warning: Label `sub@fig:a' multiply defined.


LaTeX Warning: Label `fig:b' multiply defined.


LaTeX Warning: Label `sub@fig:b' multiply defined.


LaTeX Warning: Label `fig:a' multiply defined.


LaTeX Warning: Label `sub@fig:a' multiply defined.


LaTeX Warning: Label `fig:b' multiply defined.


LaTeX Warning: Label `sub@fig:b' multiply defined.


LaTeX Warning: Label `fig:b' multiply defined.


LaTeX Warning: Label `sub@fig:b' multiply defined.


LaTeX Warning: Label `fig:Godfray' multiply defined.


LaTeX Warning: Label `fig:a' multiply defined.


LaTeX Warning: Label `sub@fig:a' multiply defined.


LaTeX Warning: Label `fig:b' multiply defined.


LaTeX Warning: Label `sub@fig:b' multiply defined.


LaTeX Warning: Label `fig:c' multiply defined.


LaTeX Warning: Label `sub@fig:c' multiply defined.


LaTeX Warning: Label `fig:d' multiply defined.


LaTeX Warning: Label `sub@fig:d' multiply defined.

)
\openout1 = `report_new_introduction.aux'.

LaTeX Font Info:    Checking defaults for OML/cmm/m/it on input line 77.
LaTeX Font Info:    ... okay on input line 77.
LaTeX Font Info:    Checking defaults for OMS/cmsy/m/n on input line 77.
LaTeX Font Info:    ... okay on input line 77.
LaTeX Font Info:    Checking defaults for OT1/cmr/m/n on input line 77.
LaTeX Font Info:    ... okay on input line 77.
LaTeX Font Info:    Checking defaults for T1/cmr/m/n on input line 77.
LaTeX Font Info:    ... okay on input line 77.
LaTeX Font Info:    Checking defaults for TS1/cmr/m/n on input line 77.
LaTeX Font Info:    ... okay on input line 77.
LaTeX Font Info:    Checking defaults for OMX/cmex/m/n on input line 77.
LaTeX Font Info:    ... okay on input line 77.
LaTeX Font Info:    Checking defaults for U/cmr/m/n on input line 77.
LaTeX Font Info:    ... okay on input line 77.
\c@mv@tabular=\count523
\c@mv@boldtabular=\count524

*geometry* driver: auto-detecting
*geometry* detected driver: pdftex
*geometry* verbose mode - [ preamble ] result:
* driver: pdftex
* paper: a4paper
* layout: <same size as paper>
* layoutoffset:(h,v)=(0.0pt,0.0pt)
* modes: 
* h-part:(L,W,R)=(71.13188pt, 455.24411pt, 71.13188pt)
* v-part:(T,H,B)=(56.9055pt, 731.23584pt, 56.9055pt)
* \paperwidth=597.50787pt
* \paperheight=845.04684pt
* \textwidth=455.24411pt
* \textheight=731.23584pt
* \oddsidemargin=-1.1381pt
* \evensidemargin=-1.1381pt
* \topmargin=-52.36449pt
* \headheight=12.0pt
* \headsep=25.0pt
* \topskip=12.0pt
* \footskip=30.0pt
* \marginparwidth=35.0pt
* \marginparsep=10.0pt
* \columnsep=10.0pt
* \skip\footins=10.8pt plus 4.0pt minus 2.0pt
* \hoffset=0.0pt
* \voffset=0.0pt
* \mag=1000
* \@twocolumnfalse
* \@twosidefalse
* \@mparswitchfalse
* \@reversemarginfalse
* (1in=72.27pt=25.4mm, 1cm=28.453pt)

(/usr/local/texlive/2025/texmf-dist/tex/context/base/mkii/supp-pdf.mkii
[Loading MPS to PDF converter (version 2006.09.02).]
\scratchcounter=\count525
\scratchdimen=\dimen332
\scratchbox=\box74
\nofMPsegments=\count526
\nofMParguments=\count527
\everyMPshowfont=\toks51
\MPscratchCnt=\count528
\MPscratchDim=\dimen333
\MPnumerator=\count529
\makeMPintoPDFobject=\count530
\everyMPtoPDFconversion=\toks52
) (/usr/local/texlive/2025/texmf-dist/tex/latex/epstopdf-pkg/epstopdf-base.sty
Package: epstopdf-base 2020-01-24 v2.11 Base part for package epstopdf
Package epstopdf-base Info: Redefining graphics rule for `.eps' on input line 4
85.

(/usr/local/texlive/2025/texmf-dist/tex/latex/latexconfig/epstopdf-sys.cfg
File: epstopdf-sys.cfg 2010/07/13 v1.3 Configuration of (r)epstopdf for TeX Liv
e
))
Package caption Info: Begin \AtBeginDocument code.
Package caption Info: wrapfig package is loaded.
Package caption Info: End \AtBeginDocument code.

Package pgfplots notification 'compat/show suggested version=true': you might b
enefit from \pgfplotsset{compat=1.18} (current compat level: 1.16).


Package layouts Warning: Layout scale set to 0.5 on input line 77.

Package biblatex Info: Trying to load language 'english'...
Package biblatex Info: ... file 'english.lbx' found.
(/usr/local/texlive/2025/texmf-dist/tex/latex/biblatex/lbx/english.lbx
File: english.lbx 2025/07/10 v3.21 biblatex localization (PK/MW)
)
Package biblatex Info: Input encoding 'utf8' detected.
Package biblatex Info: Automatic encoding selection.
(biblatex)             Assuming data encoding 'utf8'.
\openout4 = `report_new_introduction.bcf'.

Package biblatex Info: Trying to load bibliographic data...
Package biblatex Info: ... file 'report_new_introduction.bbl' found.

(./report_new_introduction.bbl)
Package biblatex Info: Reference section=0 on input line 77.
Package biblatex Info: Reference segment=0 on input line 77.
<logos.png, id=4, 793.96625pt x 307.1475pt>
File: logos.png Graphic file (type png)
<use logos.png>
Package pdftex.def Info: logos.png  used on input line 82.
(pdftex.def)             Requested size: 295.90588pt x 114.47234pt.
<aphytis-melinus.jpeg, id=6, 552.0625pt x 401.5pt>
File: aphytis-melinus.jpeg Graphic file (type jpg)
<use aphytis-melinus.jpeg>
Package pdftex.def Info: aphytis-melinus.jpeg  used on input line 101.
(pdftex.def)             Requested size: 318.66948pt x 231.7674pt.


[1

{/usr/local/texlive/2025/texmf-var/fonts/map/pdftex/updmap/pdftex.map}{/usr/loc
al/texlive/2025/texmf-dist/fonts/enc/dvips/carlito/crlt_hsqwq5.enc} <./logos.pn
g> <./aphytis-melinus.jpeg>] (./report_new_introduction.toc
LaTeX Font Info:    Trying to load font information for U+msa on input line 4.

(/usr/local/texlive/2025/texmf-dist/tex/latex/amsfonts/umsa.fd
File: umsa.fd 2013/01/14 v3.01 AMS symbols A
)
LaTeX Font Info:    Trying to load font information for U+msb on input line 4.

(/usr/local/texlive/2025/texmf-dist/tex/latex/amsfonts/umsb.fd
File: umsb.fd 2013/01/14 v3.01 AMS symbols B
)

[1])
\tf@toc=\write5
\openout5 = `report_new_introduction.toc'.



[2]

[1]
Underfull \hbox (badness 10000) in paragraph at lines 163--164

 []



[2]
Underfull \hbox (badness 10000) in paragraph at lines 165--166

 []



[3]
Underfull \hbox (badness 10000) in paragraph at lines 168--169

 []



[4]
</home/mathisdr/Desktop/2024-2025/Stage/Internship_2025_LCT/model_host_parasito
id/figs/Murdoch_box_system2.pdf, id=40, 593.96906pt x 526.96875pt>
File: /home/mathisdr/Desktop/2024-2025/Stage/Internship_2025_LCT/model_host_par
asitoid/figs/Murdoch_box_system2.pdf Graphic file (type pdf)
<use /home/mathisdr/Desktop/2024-2025/Stage/Internship_2025_LCT/model_host_para
sitoid/figs/Murdoch_box_system2.pdf>
Package pdftex.def Info: /home/mathisdr/Desktop/2024-2025/Stage/Internship_2025
_LCT/model_host_parasitoid/figs/Murdoch_box_system2.pdf  used on input line 181
.
(pdftex.def)             Requested size: 227.62206pt x 201.94682pt.

Underfull \hbox (badness 1776) in paragraph at lines 182--182
\T1/Crlt-OsF/m/n/12 based on the model de-scribed in Mur-doch
 []


Underfull \hbox (badness 4505) in paragraph at lines 186--187
\T1/Crlt-OsF/m/n/12 ber of sub-com-part-ments is 1, i.e. the
 []


Underfull \hbox (badness 2261) in paragraph at lines 186--187
\T1/Crlt-OsF/m/n/12 exponentially-distributed model (Fig-ure 1).
 []


Underfull \hbox (badness 10000) in paragraph at lines 186--187

 []


Underfull \hbox (badness 2608) in paragraph at lines 188--189
\T1/Crlt-OsF/m/n/12 times are set equal. Al-though the pro-
 []


Underfull \hbox (badness 1400) in paragraph at lines 188--189
\T1/Crlt-OsF/m/n/12 por-tion of ju-ve-nile sur-vival can be equal-
 []



[5 </home/mathisdr/Desktop/2024-2025/Stage/Internship_2025_LCT/model_host_paras
itoid/figs/Murdoch_box_system2.pdf>]
Underfull \hbox (badness 10000) in paragraph at lines 207--208

 []



[6]
</home/mathisdr/Desktop/2024-2025/Stage/Internship_2025_LCT/survey_gamma_shape/
figs/weibull_distribution.pdf, id=50, 462.52798pt x 346.89601pt>
File: /home/mathisdr/Desktop/2024-2025/Stage/Internship_2025_LCT/survey_gamma_s
hape/figs/weibull_distribution.pdf Graphic file (type pdf)
<use /home/mathisdr/Desktop/2024-2025/Stage/Internship_2025_LCT/survey_gamma_sh
ape/figs/weibull_distribution.pdf>
Package pdftex.def Info: /home/mathisdr/Desktop/2024-2025/Stage/Internship_2025
_LCT/survey_gamma_shape/figs/weibull_distribution.pdf  used on input line 222.
(pdftex.def)             Requested size: 218.51521pt x 163.88805pt.
</home/mathisdr/Desktop/2024-2025/Stage/Internship_2025_LCT/survey_gamma_shape/
figs/gamma_distribution.pdf, id=51, 462.52798pt x 346.89601pt>
File: /home/mathisdr/Desktop/2024-2025/Stage/Internship_2025_LCT/survey_gamma_s
hape/figs/gamma_distribution.pdf Graphic file (type pdf)
<use /home/mathisdr/Desktop/2024-2025/Stage/Internship_2025_LCT/survey_gamma_sh
ape/figs/gamma_distribution.pdf>
Package pdftex.def Info: /home/mathisdr/Desktop/2024-2025/Stage/Internship_2025
_LCT/survey_gamma_shape/figs/gamma_distribution.pdf  used on input line 227.
(pdftex.def)             Requested size: 218.51521pt x 163.88805pt.


[7]
</home/mathisdr/Desktop/2024-2025/Stage/Jupyter_stage/Figures/Murdoch_stability
_diagram.pdf, id=56, 462.52798pt x 346.89601pt>
File: /home/mathisdr/Desktop/2024-2025/Stage/Jupyter_stage/Figures/Murdoch_stab
ility_diagram.pdf Graphic file (type pdf)
<use /home/mathisdr/Desktop/2024-2025/Stage/Jupyter_stage/Figures/Murdoch_stabi
lity_diagram.pdf>
Package pdftex.def Info: /home/mathisdr/Desktop/2024-2025/Stage/Jupyter_stage/F
igures/Murdoch_stability_diagram.pdf  used on input line 249.
(pdftex.def)             Requested size: 218.51521pt x 163.88805pt.
</home/mathisdr/Desktop/2024-2025/Stage/Jupyter_stage/Figures/Murdoch_bifurcati
on_diagram_Wearing-par.pdf, id=57, 462.52798pt x 346.89601pt>
File: /home/mathisdr/Desktop/2024-2025/Stage/Jupyter_stage/Figures/Murdoch_bifu
rcation_diagram_Wearing-par.pdf Graphic file (type pdf)
<use /home/mathisdr/Desktop/2024-2025/Stage/Jupyter_stage/Figures/Murdoch_bifur
cation_diagram_Wearing-par.pdf>
Package pdftex.def Info: /home/mathisdr/Desktop/2024-2025/Stage/Jupyter_stage/F
igures/Murdoch_bifurcation_diagram_Wearing-par.pdf  used on input line 256.
(pdftex.def)             Requested size: 218.51521pt x 163.88805pt.


[8 </home/mathisdr/Desktop/2024-2025/Stage/Internship_2025_LCT/survey_gamma_sha
pe/figs/weibull_distribution.pdf> </home/mathisdr/Desktop/2024-2025/Stage/Inter
nship_2025_LCT/survey_gamma_shape/figs/gamma_distribution.pdf>]
</home/mathisdr/Desktop/2024-2025/Stage/Internship_2025_LCT/model_host_parasito
id/figs/Murdoch_equilibrium.pdf, id=119, 462.52798pt x 346.89601pt>
File: /home/mathisdr/Desktop/2024-2025/Stage/Internship_2025_LCT/model_host_par
asitoid/figs/Murdoch_equilibrium.pdf Graphic file (type pdf)
<use /home/mathisdr/Desktop/2024-2025/Stage/Internship_2025_LCT/model_host_para
sitoid/figs/Murdoch_equilibrium.pdf>
Package pdftex.def Info: /home/mathisdr/Desktop/2024-2025/Stage/Internship_2025
_LCT/model_host_parasitoid/figs/Murdoch_equilibrium.pdf  used on input line 275
.
(pdftex.def)             Requested size: 218.51521pt x 163.88805pt.
</home/mathisdr/Desktop/2024-2025/Stage/Internship_2025_LCT/model_host_parasito
id/figs/Godfray_equilibrium.pdf, id=120, 462.52798pt x 346.89601pt>
File: /home/mathisdr/Desktop/2024-2025/Stage/Internship_2025_LCT/model_host_par
asitoid/figs/Godfray_equilibrium.pdf Graphic file (type pdf)
<use /home/mathisdr/Desktop/2024-2025/Stage/Internship_2025_LCT/model_host_para
sitoid/figs/Godfray_equilibrium.pdf>
Package pdftex.def Info: /home/mathisdr/Desktop/2024-2025/Stage/Internship_2025
_LCT/model_host_parasitoid/figs/Godfray_equilibrium.pdf  used on input line 282
.
(pdftex.def)             Requested size: 218.51521pt x 163.88805pt.


[9 </home/mathisdr/Desktop/2024-2025/Stage/Jupyter_stage/Figures/Murdoch_stabil
ity_diagram.pdf> </home/mathisdr/Desktop/2024-2025/Stage/Jupyter_stage/Figures/
Murdoch_bifurcation_diagram_Wearing-par.pdf>]
</home/mathisdr/Desktop/2024-2025/Stage/Internship_2025_LCT/model_host_parasito
id/figs/Murdoch_rhobifurcation_diagram_n1_m1.pdf, id=158, 462.52798pt x 346.896
01pt>
File: /home/mathisdr/Desktop/2024-2025/Stage/Internship_2025_LCT/model_host_par
asitoid/figs/Murdoch_rhobifurcation_diagram_n1_m1.pdf Graphic file (type pdf)
<use /home/mathisdr/Desktop/2024-2025/Stage/Internship_2025_LCT/model_host_para
sitoid/figs/Murdoch_rhobifurcation_diagram_n1_m1.pdf>
Package pdftex.def Info: /home/mathisdr/Desktop/2024-2025/Stage/Internship_2025
_LCT/model_host_parasitoid/figs/Murdoch_rhobifurcation_diagram_n1_m1.pdf  used 
on input line 299.
(pdftex.def)             Requested size: 218.51521pt x 163.88805pt.
</home/mathisdr/Desktop/2024-2025/Stage/Internship_2025_LCT/model_host_parasito
id/figs/Murdoch_rhobifurcation_diagram_n20_m1.pdf, id=159, 462.52798pt x 346.89
601pt>
File: /home/mathisdr/Desktop/2024-2025/Stage/Internship_2025_LCT/model_host_par
asitoid/figs/Murdoch_rhobifurcation_diagram_n20_m1.pdf Graphic file (type pdf)
<use /home/mathisdr/Desktop/2024-2025/Stage/Internship_2025_LCT/model_host_para
sitoid/figs/Murdoch_rhobifurcation_diagram_n20_m1.pdf>
Package pdftex.def Info: /home/mathisdr/Desktop/2024-2025/Stage/Internship_2025
_LCT/model_host_parasitoid/figs/Murdoch_rhobifurcation_diagram_n20_m1.pdf  used
 on input line 306.
(pdftex.def)             Requested size: 218.51521pt x 163.88805pt.


[10 </home/mathisdr/Desktop/2024-2025/Stage/Internship_2025_LCT/model_host_para
sitoid/figs/Murdoch_equilibrium.pdf> </home/mathisdr/Desktop/2024-2025/Stage/In
ternship_2025_LCT/model_host_parasitoid/figs/Godfray_equilibrium.pdf> </home/ma
thisdr/Desktop/2024-2025/Stage/Internship_2025_LCT/model_host_parasitoid/figs/M
urdoch_rhobifurcation_diagram_n1_m1.pdf> </home/mathisdr/Desktop/2024-2025/Stag
e/Internship_2025_LCT/model_host_parasitoid/figs/Murdoch_rhobifurcation_diagram
_n20_m1.pdf>]
</home/mathisdr/Desktop/2024-2025/Stage/Internship_2025_LCT/model_host_parasito
id/figs/Godfray_stability_diagram.pdf, id=243, 462.52798pt x 346.89601pt>
File: /home/mathisdr/Desktop/2024-2025/Stage/Internship_2025_LCT/model_host_par
asitoid/figs/Godfray_stability_diagram.pdf Graphic file (type pdf)
<use /home/mathisdr/Desktop/2024-2025/Stage/Internship_2025_LCT/model_host_para
sitoid/figs/Godfray_stability_diagram.pdf>
Package pdftex.def Info: /home/mathisdr/Desktop/2024-2025/Stage/Internship_2025
_LCT/model_host_parasitoid/figs/Godfray_stability_diagram.pdf  used on input li
ne 327.
(pdftex.def)             Requested size: 218.51521pt x 163.88805pt.
</home/mathisdr/Desktop/2024-2025/Stage/Internship_2025_LCT/model_host_parasito
id/figs/Godfray_effect-of-n1n3.pdf, id=244, 462.52798pt x 346.89601pt>
File: /home/mathisdr/Desktop/2024-2025/Stage/Internship_2025_LCT/model_host_par
asitoid/figs/Godfray_effect-of-n1n3.pdf Graphic file (type pdf)
<use /home/mathisdr/Desktop/2024-2025/Stage/Internship_2025_LCT/model_host_para
sitoid/figs/Godfray_effect-of-n1n3.pdf>
Package pdftex.def Info: /home/mathisdr/Desktop/2024-2025/Stage/Internship_2025
_LCT/model_host_parasitoid/figs/Godfray_effect-of-n1n3.pdf  used on input line 
335.
(pdftex.def)             Requested size: 218.51521pt x 163.88805pt.
</home/mathisdr/Desktop/2024-2025/Stage/Internship_2025_LCT/model_host_parasito
id/figs/Godfray_effect-of-n2m.pdf, id=245, 462.52798pt x 346.89601pt>
File: /home/mathisdr/Desktop/2024-2025/Stage/Internship_2025_LCT/model_host_par
asitoid/figs/Godfray_effect-of-n2m.pdf Graphic file (type pdf)
<use /home/mathisdr/Desktop/2024-2025/Stage/Internship_2025_LCT/model_host_para
sitoid/figs/Godfray_effect-of-n2m.pdf>
Package pdftex.def Info: /home/mathisdr/Desktop/2024-2025/Stage/Internship_2025
_LCT/model_host_parasitoid/figs/Godfray_effect-of-n2m.pdf  used on input line 3
42.
(pdftex.def)             Requested size: 218.51521pt x 163.88805pt.


[11]
</home/mathisdr/Desktop/2024-2025/Stage/Internship_2025_LCT/model_host_parasito
id/figs/Equivalence_k_n.pdf, id=249, 462.52798pt x 346.89601pt>
File: /home/mathisdr/Desktop/2024-2025/Stage/Internship_2025_LCT/model_host_par
asitoid/figs/Equivalence_k_n.pdf Graphic file (type pdf)
<use /home/mathisdr/Desktop/2024-2025/Stage/Internship_2025_LCT/model_host_para
sitoid/figs/Equivalence_k_n.pdf>
Package pdftex.def Info: /home/mathisdr/Desktop/2024-2025/Stage/Internship_2025
_LCT/model_host_parasitoid/figs/Equivalence_k_n.pdf  used on input line 363.
(pdftex.def)             Requested size: 227.62206pt x 170.71628pt.


[12 </home/mathisdr/Desktop/2024-2025/Stage/Internship_2025_LCT/model_host_para
sitoid/figs/Godfray_stability_diagram.pdf> </home/mathisdr/Desktop/2024-2025/St
age/Internship_2025_LCT/model_host_parasitoid/figs/Godfray_effect-of-n1n3.pdf> 
</home/mathisdr/Desktop/2024-2025/Stage/Internship_2025_LCT/model_host_parasito
id/figs/Godfray_effect-of-n2m.pdf>]
</home/mathisdr/Desktop/2024-2025/Stage/Internship_2025_LCT/survey_gamma_shape/
figs/n_survey_3lines_w_dist.pdf, id=288, 441.95314pt x 327.29678pt>
File: /home/mathisdr/Desktop/2024-2025/Stage/Internship_2025_LCT/survey_gamma_s
hape/figs/n_survey_3lines_w_dist.pdf Graphic file (type pdf)
<use /home/mathisdr/Desktop/2024-2025/Stage/Internship_2025_LCT/survey_gamma_sh
ape/figs/n_survey_3lines_w_dist.pdf>
Package pdftex.def Info: /home/mathisdr/Desktop/2024-2025/Stage/Internship_2025
_LCT/survey_gamma_shape/figs/n_survey_3lines_w_dist.pdf  used on input line 377
.
(pdftex.def)             Requested size: 218.51521pt x 161.83011pt.
</home/mathisdr/Desktop/2024-2025/Stage/Internship_2025_LCT/survey_gamma_shape/
figs/n_survey_log.pdf, id=289, 442.42891pt x 328.0004pt>
File: /home/mathisdr/Desktop/2024-2025/Stage/Internship_2025_LCT/survey_gamma_s
hape/figs/n_survey_log.pdf Graphic file (type pdf)
<use /home/mathisdr/Desktop/2024-2025/Stage/Internship_2025_LCT/survey_gamma_sh
ape/figs/n_survey_log.pdf>
Package pdftex.def Info: /home/mathisdr/Desktop/2024-2025/Stage/Internship_2025
_LCT/survey_gamma_shape/figs/n_survey_log.pdf  used on input line 385.
(pdftex.def)             Requested size: 218.51521pt x 161.99783pt.
</home/mathisdr/Desktop/2024-2025/Stage/Internship_2025_LCT/survey_gamma_shape/
figs/n_survey_shape_according_to_weibull-shift.pdf, id=290, 442.77019pt x 327.6
6817pt>
File: /home/mathisdr/Desktop/2024-2025/Stage/Internship_2025_LCT/survey_gamma_s
hape/figs/n_survey_shape_according_to_weibull-shift.pdf Graphic file (type pdf)

<use /home/mathisdr/Desktop/2024-2025/Stage/Internship_2025_LCT/survey_gamma_sh
ape/figs/n_survey_shape_according_to_weibull-shift.pdf>
Package pdftex.def Info: /home/mathisdr/Desktop/2024-2025/Stage/Internship_2025
_LCT/survey_gamma_shape/figs/n_survey_shape_according_to_weibull-shift.pdf  use
d on input line 392.
(pdftex.def)             Requested size: 218.51521pt x 161.70876pt.
</home/mathisdr/Desktop/2024-2025/Stage/Internship_2025_LCT/survey_gamma_shape/
figs/n_survey_relation_between_wdist_and_weibullshift.pdf, id=291, 442.12177pt 
x 327.66817pt>
File: /home/mathisdr/Desktop/2024-2025/Stage/Internship_2025_LCT/survey_gamma_s
hape/figs/n_survey_relation_between_wdist_and_weibullshift.pdf Graphic file (ty
pe pdf)
<use /home/mathisdr/Desktop/2024-2025/Stage/Internship_2025_LCT/survey_gamma_sh
ape/figs/n_survey_relation_between_wdist_and_weibullshift.pdf>
Package pdftex.def Info: /home/mathisdr/Desktop/2024-2025/Stage/Internship_2025
_LCT/survey_gamma_shape/figs/n_survey_relation_between_wdist_and_weibullshift.p
df  used on input line 400.
(pdftex.def)             Requested size: 218.51521pt x 161.94875pt.


[13 </home/mathisdr/Desktop/2024-2025/Stage/Internship_2025_LCT/model_host_para
sitoid/figs/Equivalence_k_n.pdf>]

[14 </home/mathisdr/Desktop/2024-2025/Stage/Internship_2025_LCT/survey_gamma_sh
ape/figs/n_survey_3lines_w_dist.pdf> </home/mathisdr/Desktop/2024-2025/Stage/In
ternship_2025_LCT/survey_gamma_shape/figs/n_survey_log.pdf> </home/mathisdr/Des
ktop/2024-2025/Stage/Internship_2025_LCT/survey_gamma_shape/figs/n_survey_shape
_according_to_weibull-shift.pdf> </home/mathisdr/Desktop/2024-2025/Stage/Intern
ship_2025_LCT/survey_gamma_shape/figs/n_survey_relation_between_wdist_and_weibu
llshift.pdf>]

[15]

[16]

[17]
Overfull \hbox (15.73006pt too wide) in paragraph at lines 475--476
\T1/Crlt-OsF/m/n/12 rep-re-sent-ing spa-tial patch-i-ness and (density-independ
ent) dis-tri-bu-tion of par-a-sitoids over patches.
 []



[18]

[19]

[20]

[21]

[22{/usr/local/texlive/2025/texmf-dist/fonts/enc/dvips/cm-super/cm-super-t1.enc
}]

[23]

[24]
Overfull \hbox (12.03513pt too wide) in paragraph at lines 506--506
[][]\T1/Crlt-OsF/m/n/12 Nakamichi, Ya-su-fumi, Yuk-i-hiko To-que-naga, and Koic
hi Fu-jii (Apr. 2008). ``Per-sis-tent host^^Uparasitoid
 []


Overfull \hbox (44.28986pt too wide) in paragraph at lines 506--506
[][]\T1/Crlt-OsF/m/n/12 Xu, Dashun et al. (Aug. 2010). ``De-vel-op-men-tal vari
-abil-ity and sta-bil-ity in continuous-time host^^Uparasitoid
 []



[25]
Overfull \hbox (5.42717pt too wide) in paragraph at lines 508--508
\T1/cmtt/m/n/12 08 . 020$\T1/Crlt-OsF/m/n/12 . URL: $\T1/cmtt/m/n/12 https : / 
/ linkinghub . elsevier . com / retrieve / pii / S0261219414002749$
 []



[26]
Overfull \hbox (13.06079pt too wide) in paragraph at lines 508--508
[][]\T1/Crlt-OsF/m/n/12 Jung, Jin Kyo et al. (Oct. 10, 2023). ``Temperature-dep
endent de-vel-op-ment of \T1/Crlt-OsF/m/it/12 He-li-cov-erpa armigera
 []


Overfull \hbox (1.7094pt too wide) in paragraph at lines 508--508
\T1/Crlt-OsF/m/n/12 De-vel-op-ment of \T1/Crlt-OsF/m/it/12 Car-posina sasakii \
T1/Crlt-OsF/m/n/12 (Lep-i-doptera: Car-posinidae) and Its Stage Emer-gence Mod-

 []


Overfull \hbox (2.54231pt too wide) in paragraph at lines 508--508
[][]\T1/Crlt-OsF/m/n/12 Knight, A. L., E. H. Beers, and E. A. El-sner (Dec. 1, 
1991). ``Mod-el-ing Post-di-a-pause Egg and Nymphal
 []


Overfull \hbox (3.3972pt too wide) in paragraph at lines 508--508
[][]\T1/Crlt-OsF/m/n/12 Lerin, J. (Apr. 1, 2004). ``Mod-el-ing Em-bry-onic De-v
el-op-ment in <I>Sitona lin-ea-tus</I> (Coleoptera:
 []



[27]
Overfull \hbox (61.85742pt too wide) in paragraph at lines 508--508
\T1/Crlt-OsF/m/it/12 mo-log-i-cal Re-search \T1/Crlt-OsF/m/n/12 90.4, pp. 337^^
U347. ISSN: 0007-4853, 1475-2670. DOI: $\T1/cmtt/m/n/12 10 . 1017 / S0007485300
000468$\T1/Crlt-OsF/m/n/12 .
 []


Overfull \hbox (0.58458pt too wide) in paragraph at lines 508--508
\T1/Crlt-OsF/m/n/12 URL: $\T1/cmtt/m/n/12 https : / / www . cambridge . org / c
ore / product / identifier / S0007485300000468 /
 []



[28]
Overfull \hbox (36.29463pt too wide) in paragraph at lines 508--508
\T1/cmtt/m/n/12 2020 . 07 . 021$\T1/Crlt-OsF/m/n/12 . URL: $\T1/cmtt/m/n/12 htt
ps : / / linkinghub . elsevier . com / retrieve / pii / S1226861520303988$
 []


Overfull \hbox (5.30704pt too wide) in paragraph at lines 508--508
[][]\T1/Crlt-OsF/m/n/12 Pollard, Cia-rán P. et al. (Jan. 2020). ``phen-Model: A
 temperature-dependent phe-nol-ogy/voltinism
 []


Overfull \hbox (37.69038pt too wide) in paragraph at lines 508--508
\T1/Crlt-OsF/m/n/12 Con-stant Tem-per-a-tures''. In: \T1/Crlt-OsF/m/it/12 In-se
cts \T1/Crlt-OsF/m/n/12 11.5, p. 296. ISSN: 2075-4450. DOI: $\T1/cmtt/m/n/12 10
 . 3390 / insects11050296$\T1/Crlt-OsF/m/n/12 .
 []



[29]

[30]

[31]

[32]
Overfull \hbox (22.12675pt too wide) detected at line 570
[]
 []



[33]

[34]

[35]
Underfull \hbox (badness 10000) in paragraph at lines 706--707

 []


Underfull \hbox (badness 10000) in paragraph at lines 706--707

 []



[36]
Underfull \hbox (badness 10000) in paragraph at lines 708--709

 []



[37]
Overfull \hbox (23.90546pt too wide) detected at line 763
[][]
 []



[38]

[39]
</home/mathisdr/Desktop/2024-2025/Stage/Internship_2025_LCT/model_host_parasito
id/figs/Murdoch_bifurcation_diagram_Other-par.pdf, id=459, 462.52798pt x 346.89
601pt>
File: /home/mathisdr/Desktop/2024-2025/Stage/Internship_2025_LCT/model_host_par
asitoid/figs/Murdoch_bifurcation_diagram_Other-par.pdf Graphic file (type pdf)
<use /home/mathisdr/Desktop/2024-2025/Stage/Internship_2025_LCT/model_host_para
sitoid/figs/Murdoch_bifurcation_diagram_Other-par.pdf>
Package pdftex.def Info: /home/mathisdr/Desktop/2024-2025/Stage/Internship_2025
_LCT/model_host_parasitoid/figs/Murdoch_bifurcation_diagram_Other-par.pdf  used
 on input line 805.
(pdftex.def)             Requested size: 364.19667pt x 273.16087pt.


LaTeX Warning: No positions in optional float specifier.
               Default added (so using `tbp') on input line 814.

</home/mathisdr/Desktop/2024-2025/Stage/Internship_2025_LCT/model_host_parasito
id/figs/Murdoch_stability_n_m_different.pdf, id=460, 462.52798pt x 346.89601pt>

File: /home/mathisdr/Desktop/2024-2025/Stage/Internship_2025_LCT/model_host_par
asitoid/figs/Murdoch_stability_n_m_different.pdf Graphic file (type pdf)
<use /home/mathisdr/Desktop/2024-2025/Stage/Internship_2025_LCT/model_host_para
sitoid/figs/Murdoch_stability_n_m_different.pdf>
Package pdftex.def Info: /home/mathisdr/Desktop/2024-2025/Stage/Internship_2025
_LCT/model_host_parasitoid/figs/Murdoch_stability_n_m_different.pdf  used on in
put line 816.
(pdftex.def)             Requested size: 364.19667pt x 273.16087pt.

LaTeX Warning: No positions in optional float specifier.
               Default added (so using `tbp') on input line 824.

</home/mathisdr/Desktop/2024-2025/Stage/Internship_2025_LCT/model_host_parasito
id/figs/Murdoch_stability_fecundity_suppl_fig.pdf, id=461, 578.16pt x 433.62pt>

File: /home/mathisdr/Desktop/2024-2025/Stage/Internship_2025_LCT/model_host_par
asitoid/figs/Murdoch_stability_fecundity_suppl_fig.pdf Graphic file (type pdf)
<use /home/mathisdr/Desktop/2024-2025/Stage/Internship_2025_LCT/model_host_para
sitoid/figs/Murdoch_stability_fecundity_suppl_fig.pdf>
Package pdftex.def Info: /home/mathisdr/Desktop/2024-2025/Stage/Internship_2025
_LCT/model_host_parasitoid/figs/Murdoch_stability_fecundity_suppl_fig.pdf  used
 on input line 828.
(pdftex.def)             Requested size: 364.19667pt x 273.14235pt.

LaTeX Warning: No positions in optional float specifier.
               Default added (so using `tbp') on input line 840.

</home/mathisdr/Desktop/2024-2025/Stage/Internship_2025_LCT/model_host_parasito
id/figs/Godfray_bifurcation_diagram_Wearing-par.pdf, id=462, 462.52798pt x 346.
89601pt>
File: /home/mathisdr/Desktop/2024-2025/Stage/Internship_2025_LCT/model_host_par
asitoid/figs/Godfray_bifurcation_diagram_Wearing-par.pdf Graphic file (type pdf
)
<use /home/mathisdr/Desktop/2024-2025/Stage/Internship_2025_LCT/model_host_para
sitoid/figs/Godfray_bifurcation_diagram_Wearing-par.pdf>
Package pdftex.def Info: /home/mathisdr/Desktop/2024-2025/Stage/Internship_2025
_LCT/model_host_parasitoid/figs/Godfray_bifurcation_diagram_Wearing-par.pdf  us
ed on input line 842.
(pdftex.def)             Requested size: 364.19667pt x 273.16087pt.


[40 </home/mathisdr/Desktop/2024-2025/Stage/Internship_2025_LCT/model_host_para
sitoid/figs/Murdoch_bifurcation_diagram_Other-par.pdf>]

[41 </home/mathisdr/Desktop/2024-2025/Stage/Internship_2025_LCT/model_host_para
sitoid/figs/Murdoch_stability_n_m_different.pdf> </home/mathisdr/Desktop/2024-2
025/Stage/Internship_2025_LCT/model_host_parasitoid/figs/Murdoch_stability_fecu
ndity_suppl_fig.pdf>]

[42 </home/mathisdr/Desktop/2024-2025/Stage/Internship_2025_LCT/model_host_para
sitoid/figs/Godfray_bifurcation_diagram_Wearing-par.pdf>]
(./report_new_introduction.aux)
 ***********
LaTeX2e <2025-06-01> patch level 1
L3 programming layer <2025-07-19>
 ***********


LaTeX Warning: There were multiply-defined labels.


Package biblatex Warning: Please rerun LaTeX.
(biblatex)                Page breaks have changed.

Package logreq Info: Writing requests to 'report_new_introduction.run.xml'.
\openout1 = `report_new_introduction.run.xml'.

 ) 
Here is how much of TeX's memory you used:
 37451 strings out of 467816
 899475 string characters out of 5432258
 1804525 words of memory out of 5000000
 65498 multiletter control sequences out of 15000+600000
 741758 words of font info for 100 fonts, out of 8000000 for 9000
 1141 hyphenation exceptions out of 8191
 99i,14n,117p,4162b,1866s stack positions out of 10000i,1000n,20000p,200000b,200000s
</usr/local/texlive/2025/texmf-dist/fonts/type1/google/carlito/Crlt-Bold.pfb>
</usr/local/texlive/2025/texmf-dist/fonts/type1/google/carlito/Crlt-BoldItalic.
pfb></usr/local/texlive/2025/texmf-dist/fonts/type1/google/carlito/Crlt-Italic.
pfb></usr/local/texlive/2025/texmf-dist/fonts/type1/google/carlito/Crlt-Regular
.pfb></usr/local/texlive/2025/texmf-dist/fonts/type1/public/amsfonts/cm/cmbsy10
.pfb></usr/local/texlive/2025/texmf-dist/fonts/type1/public/amsfonts/cm/cmbx12.
pfb></usr/local/texlive/2025/texmf-dist/fonts/type1/public/amsfonts/cm/cmex10.p
fb></usr/local/texlive/2025/texmf-dist/fonts/type1/public/amsfonts/cm/cmmi10.pf
b></usr/local/texlive/2025/texmf-dist/fonts/type1/public/amsfonts/cm/cmmi12.pfb
></usr/local/texlive/2025/texmf-dist/fonts/type1/public/amsfonts/cm/cmmi6.pfb><
/usr/local/texlive/2025/texmf-dist/fonts/type1/public/amsfonts/cm/cmmi7.pfb></u
sr/local/texlive/2025/texmf-dist/fonts/type1/public/amsfonts/cm/cmmi8.pfb></usr
/local/texlive/2025/texmf-dist/fonts/type1/public/amsfonts/cm/cmmib10.pfb></usr
/local/texlive/2025/texmf-dist/fonts/type1/public/amsfonts/cm/cmr10.pfb></usr/l
ocal/texlive/2025/texmf-dist/fonts/type1/public/amsfonts/cm/cmr12.pfb></usr/loc
al/texlive/2025/texmf-dist/fonts/type1/public/amsfonts/cm/cmr17.pfb></usr/local
/texlive/2025/texmf-dist/fonts/type1/public/amsfonts/cm/cmr6.pfb></usr/local/te
xlive/2025/texmf-dist/fonts/type1/public/amsfonts/cm/cmr8.pfb></usr/local/texli
ve/2025/texmf-dist/fonts/type1/public/amsfonts/cm/cmsy10.pfb></usr/local/texliv
e/2025/texmf-dist/fonts/type1/public/amsfonts/cm/cmsy8.pfb></usr/local/texlive/
2025/texmf-dist/fonts/type1/public/cm-super/sftt1200.pfb>
Output written on report_new_introduction.pdf (45 pages, 848227 bytes).
PDF statistics:
 622 PDF objects out of 1000 (max. 8388607)
 428 compressed objects within 5 object streams
 0 named destinations out of 1000 (max. 500000)
 128 words of extra memory for PDF output out of 10000 (max. 10000000)

